
Memory Configuration

Name             Origin             Length             Attributes
*default*        0x0000000000000000 0xffffffffffffffff

Linker script and memory map

LOAD img1.o
LOAD img2.o
LOAD t.o
LOAD ts.o
                0x0000000000010000                . = 0x10000

.text           0x0000000000010000      0x654
 *(.text)
 .text          0x0000000000010000      0x644 t.o
                0x0000000000010000                fbuf_init
                0x00000000000100e0                uart_init
                0x0000000000010178                ugetc
                0x00000000000101c4                uputc
                0x0000000000010220                ugets
                0x000000000001029c                uputs
                0x00000000000102f4                uprintf
                0x0000000000010408                show_bmp
                0x00000000000105d4                main
 .text          0x0000000000010644       0x10 ts.o
                0x0000000000010644                reset_start

.rodata         0x0000000000010654       0x3d
 .rodata        0x0000000000010654       0x3d t.o

.glue_7         0x0000000000010694        0x0
 .glue_7        0x0000000000010694        0x0 linker stubs

.glue_7t        0x0000000000010694        0x0
 .glue_7t       0x0000000000010694        0x0 linker stubs

.vfp11_veneer   0x0000000000010694        0x0
 .vfp11_veneer  0x0000000000010694        0x0 linker stubs

.v4_bx          0x0000000000010694        0x0
 .v4_bx         0x0000000000010694        0x0 linker stubs

.iplt           0x0000000000010694        0x0
 .iplt          0x0000000000010694        0x0 t.o

.rel.dyn        0x0000000000010694        0x0
 .rel.iplt      0x0000000000010694        0x0 t.o

.data           0x0000000000010691    0xde024
 *(.data)
 .data          0x0000000000010691    0x6f012 img1.o
                0x0000000000010691                _binary_img1_bmp_start
                0x000000000007f6a3                _binary_img1_bmp_end
 .data          0x000000000007f6a3    0x6f012 img2.o
                0x000000000007f6a3                _binary_img2_bmp_start
                0x00000000000ee6b5                _binary_img2_bmp_end
 .data          0x00000000000ee6b5        0x0 t.o
 .data          0x00000000000ee6b5        0x0 ts.o

.igot.plt       0x00000000000ee6b8        0x0
 .igot.plt      0x00000000000ee6b8        0x0 t.o

.bss            0x00000000000ee6b8       0x24
 *(.bss)
 .bss           0x00000000000ee6b8       0x24 t.o
                0x00000000000ee6bc                uart
 .bss           0x00000000000ee6dc        0x0 ts.o

.data
 *(img1.o)

.data
 *(img2.o)
                0x00000000000ee6e0                . = ALIGN (0x8)
                0x00000000000ef6e0                . = (. + 0x1000)
                0x00000000000ef6e0                stack_top = .
OUTPUT(dd_lcd.elf elf32-littlearm)
LOAD linker stubs

.comment        0x0000000000000000       0x33
 .comment       0x0000000000000000       0x33 t.o
                                         0x34 (size before relaxing)

.ARM.attributes
                0x0000000000000000       0x2a
 .ARM.attributes
                0x0000000000000000       0x2c t.o
 .ARM.attributes
                0x000000000000002c       0x22 ts.o
