
Memory Configuration

Name             Origin             Length             Attributes
*default*        0x0000000000000000 0xffffffffffffffff

Linker script and memory map

                0x0000000000010000                . = 0x10000

.text           0x0000000000010000      0x7bc
 *(.text)
 .text          0x0000000000010000       0x10 ts.o
                0x0000000000010000                reset_start
 .text          0x0000000000010010      0x334 t.o
                0x0000000000010010                fbuf_init
                0x00000000000100f0                show_bmp
                0x00000000000102bc                main
 .text          0x0000000000010344      0x478 uart.o
                0x0000000000010344                uart_init
                0x00000000000103dc                ugetc
                0x0000000000010428                uputc
                0x0000000000010484                ugets
                0x0000000000010500                uputs
                0x0000000000010680                uprintf

.rodata         0x00000000000107bc       0x69
 .rodata        0x00000000000107bc       0x55 t.o
 *fill*         0x0000000000010811        0x3 
 .rodata        0x0000000000010814       0x11 uart.o

.glue_7         0x0000000000010828        0x0
 .glue_7        0x0000000000010828        0x0 linker stubs

.glue_7t        0x0000000000010828        0x0
 .glue_7t       0x0000000000010828        0x0 linker stubs

.vfp11_veneer   0x0000000000010828        0x0
 .vfp11_veneer  0x0000000000010828        0x0 linker stubs

.v4_bx          0x0000000000010828        0x0
 .v4_bx         0x0000000000010828        0x0 linker stubs

.iplt           0x0000000000010828        0x0
 .iplt          0x0000000000010828        0x0 ts.o

.rel.dyn        0x0000000000010828        0x0
 .rel.iplt      0x0000000000010828        0x0 ts.o

.data           0x0000000000010825    0xde024
 *(.data)
 .data          0x0000000000010825        0x0 ts.o
 .data          0x0000000000010825        0x0 t.o
 .data          0x0000000000010825        0x0 uart.o
 .data          0x0000000000010825    0x6f012 img1.o
                0x0000000000010825                _binary_img1_bmp_start
                0x000000000007f837                _binary_img1_bmp_end
 .data          0x000000000007f837    0x6f012 img2.o
                0x000000000007f837                _binary_img2_bmp_start
                0x00000000000ee849                _binary_img2_bmp_end

.igot.plt       0x00000000000ee84c        0x0
 .igot.plt      0x00000000000ee84c        0x0 ts.o

.bss            0x00000000000ee84c       0x24
 *(.bss)
 .bss           0x00000000000ee84c        0x0 ts.o
 .bss           0x00000000000ee84c        0x4 t.o
 .bss           0x00000000000ee850       0x20 uart.o
                0x00000000000ee850                uart

.data
 *(img1.o)

.data
 *(img2.o)
                0x00000000000ee870                . = ALIGN (0x8)
                0x00000000000ef870                . = (. + 0x1000)
                0x00000000000ef870                stack_top = .
LOAD ts.o
LOAD t.o
LOAD uart.o
LOAD img1.o
LOAD img2.o
OUTPUT(prog.elf elf32-littlearm)
LOAD linker stubs

.ARM.attributes
                0x0000000000000000       0x2e
 .ARM.attributes
                0x0000000000000000       0x22 ts.o
 .ARM.attributes
                0x0000000000000022       0x2c t.o
 .ARM.attributes
                0x000000000000004e       0x2c uart.o

.comment        0x0000000000000000       0x33
 .comment       0x0000000000000000       0x33 t.o
                                         0x34 (size before relaxing)
 .comment       0x0000000000000033       0x34 uart.o
